---
source: xtask/src/tests.rs
expression: stderr
---
$ duvet query --check duplicates --verbose
EXIT: Some(1)
    Starting duvet in query mode...
  Extracting requirements
   Extracted requirements from 1 specifications 
    Scanning sources
     Scanned 1 sources 
     Parsing annotations
      Parsed 3 annotations 
     Loading specifications
      Loaded 1 specifications 
     Mapping sections
      Mapped 1 sections 
    Matching references
     Matched 3 references 

Duplicates: ✗ FAIL

Effective policy ([duplicates] in .duvet/config.toml; semantics: design/duplicates/spec.md §4):
  claims.test = 1 (default)
  claims.implementation = 1 (default)
  claims.types = no free form shares a claim (default)
  targets.count = unlimited (default)
  targets.sections = unlimited (default)
  targets.types = any combination except test+implementation (default)

  × Duplicate test annotations: 2 copies exceed the cap of 1
   ╭─[src/lib.rs:5:5]
 4 │     
 5 │ ╭─▶ //= spec.md#section-1
 6 │ │   //= type=test
 7 │ ├─▶ //# aaa bbb ccc
   · ╰──── Duplicate
 8 │     
   ╰────

Advice: 
  ☞ Related context for:
  │  Duplicate test annotations: 2 copies exceed the cap of 1
    ╭─[src/lib.rs:9:5]
  8 │     
  9 │ ╭─▶ //= spec.md#section-1
 10 │ │   //= type=test
 11 │ ├─▶ //# aaa bbb ccc
    · ╰──── Duplicate
    ╰────

  × Subsumed annotation: its claim is fully covered by other annotations
   ╭─[src/lib.rs:1:5]
 1 │ ╭─▶ //= spec.md#section-1
 2 │ │   //= type=test
 3 │ ├─▶ //# aaa
   · ╰──── Subsumed
 4 │     
   ╰────

Advice: 
  ☞ Related context for:
  │  Subsumed annotation: its claim is fully covered by other annotations
   ╭─[src/lib.rs:5:5]
 4 │     
 5 │ ╭─▶ //= spec.md#section-1
 6 │ │   //= type=test
 7 │ ├─▶ //# aaa bbb ccc
   · ╰──── Covered by
 8 │     
   ╰────

Advice: 
  ☞ Related context for:
  │  Subsumed annotation: its claim is fully covered by other annotations
    ╭─[src/lib.rs:9:5]
  8 │     
  9 │ ╭─▶ //= spec.md#section-1
 10 │ │   //= type=test
 11 │ ├─▶ //# aaa bbb ccc
    · ╰──── Covered by
    ╰────

  ☞ Annotations with some overlap
   ╭─[src/lib.rs:1:5]
 1 │ ╭─▶ //= spec.md#section-1
 2 │ │   //= type=test
 3 │ ├─▶ //# aaa
   · ╰──── Some overlap
 4 │     
   ╰────

  ☞ Annotations with some overlap
   ╭─[src/lib.rs:1:5]
 1 │ ╭─▶ //= spec.md#section-1
 2 │ │   //= type=test
 3 │ ├─▶ //# aaa
   · ╰──── Some overlap
 4 │     
   ╰────


Overall: ✗ FAIL
