---
source: xtask/src/tests.rs
expression: stderr
---
$ duvet query --check duplicates --verbose
EXIT: Some(1)
    Starting duvet in query mode...
  Extracting requirements
   Extracted requirements from 1 specifications 
    Scanning sources
     Scanned 1 sources 
     Parsing annotations
      Parsed 2 annotations 
     Loading specifications
      Loaded 1 specifications 
     Mapping sections
      Mapped 1 sections 
    Matching references
     Matched 2 references 

Duplicates: ✗ FAIL

  × Subsumed annotation: its claim is fully covered by other annotations
   ╭─[src/lib.rs:1:5]
 1 │ ╭─▶ //= spec.md#section-1
 2 │ │   //= type=test
 3 │ ├─▶ //# aaa
   · ╰──── Subsumed
 4 │     pub fn fragment() {}
   ╰────

Advice: 
  ☞ Related context for:
  │  Subsumed annotation: its claim is fully covered by other annotations
   ╭─[src/lib.rs:6:5]
 5 │     
 6 │ ╭─▶ //= spec.md#section-1
 7 │ │   //= type=test
 8 │ ├─▶ //# aaa bbb ccc
   · ╰──── Covered by
 9 │     pub fn full_claim() {}
   ╰────

  ☞ Annotations with some overlap
   ╭─[src/lib.rs:1:5]
 1 │ ╭─▶ //= spec.md#section-1
 2 │ │   //= type=test
 3 │ ├─▶ //# aaa
   · ╰──── Some overlap
 4 │     pub fn fragment() {}
   ╰────


Overall: ✗ FAIL
