---
source: duvet/src/specification/markdown/tests.rs
expression: "super :: parse(& contents)"
---
Ok(
    Specification {
        title: Some(
            "Duplicate header",
        ),
        sections: [
            Section {
                id: "duplicate-header",
                title: "Duplicate header",
                full_title: "Duplicate header",
                lines: [
                    Str(
                        "testing 123",
                    ),
                ],
            },
            Section {
                id: "duplicate-header-1",
                title: "Duplicate header",
                full_title: "Duplicate header",
                lines: [
                    Str(
                        "other test",
                    ),
                ],
            },
        ],
        format: Markdown,
    },
)
