---
source: src/specification/markdown/tests.rs
assertion_line: 20
expression: "tokens(r#\"\n# This is a test\n\nContent goes here\n\n## This is another test\n\nMore content goes here\n\n### Nested section\n\nTesting 123\n\n## Up one\n\nAnother section\n\"#)"
---
[
    Line(
        Str {
            value: "",
            pos: 0,
            line: 1,
        },
    ),
    Header(
        Str {
            value: "# This is a test",
            pos: 1,
            line: 2,
        },
    ),
    Line(
        Str {
            value: "",
            pos: 18,
            line: 3,
        },
    ),
    Line(
        Str {
            value: "Content goes here",
            pos: 19,
            line: 4,
        },
    ),
    Line(
        Str {
            value: "",
            pos: 37,
            line: 5,
        },
    ),
    Header(
        Str {
            value: "## This is another test",
            pos: 38,
            line: 6,
        },
    ),
    Line(
        Str {
            value: "",
            pos: 62,
            line: 7,
        },
    ),
    Line(
        Str {
            value: "More content goes here",
            pos: 63,
            line: 8,
        },
    ),
    Line(
        Str {
            value: "",
            pos: 86,
            line: 9,
        },
    ),
    Header(
        Str {
            value: "### Nested section",
            pos: 87,
            line: 10,
        },
    ),
    Line(
        Str {
            value: "",
            pos: 106,
            line: 11,
        },
    ),
    Line(
        Str {
            value: "Testing 123",
            pos: 107,
            line: 12,
        },
    ),
    Line(
        Str {
            value: "",
            pos: 119,
            line: 13,
        },
    ),
    Header(
        Str {
            value: "## Up one",
            pos: 120,
            line: 14,
        },
    ),
    Line(
        Str {
            value: "",
            pos: 130,
            line: 15,
        },
    ),
    Line(
        Str {
            value: "Another section",
            pos: 131,
            line: 16,
        },
    ),
]
