---
source: duvet/src/specification/markdown/tests.rs
expression: "super :: parse(& contents)"
---
Ok(
    Specification {
        title: Some(
            "This is a test",
        ),
        sections: [
            Section {
                id: "this-is-a-test",
                title: "This is a test",
                full_title: "This is a test",
                lines: [
                    Str(
                        "Content goes here. Another",
                    ),
                    Str(
                        "sentence here.",
                    ),
                ],
            },
            Section {
                id: "this-is-another-test",
                title: "This is another test",
                full_title: "This is another test",
                lines: [
                    Str(
                        "More content goes here",
                    ),
                ],
            },
            Section {
                id: "nested-section",
                title: "Nested section",
                full_title: "Nested section",
                lines: [
                    Str(
                        "Testing 123",
                    ),
                ],
            },
            Section {
                id: "up-one",
                title: "Up one",
                full_title: "Up one",
                lines: [
                    Str(
                        "Another section",
                    ),
                ],
            },
        ],
        format: Markdown,
    },
)
