---
source: duvet/src/specification/markdown/tests.rs
expression: "super :: tokens(& contents).collect :: < Vec < _ >> ()"
---
[
    Content {
        value: "",
        line: 1,
    },
    Section {
        id: None,
        title: "This is a test",
        level: 1,
        line: 2,
    },
    Content {
        value: "",
        line: 3,
    },
    Content {
        value: "Content goes here. Another",
        line: 4,
    },
    Content {
        value: "sentence here.",
        line: 5,
    },
    Content {
        value: "",
        line: 6,
    },
    Section {
        id: None,
        title: "This is another test",
        level: 2,
        line: 7,
    },
    Content {
        value: "",
        line: 8,
    },
    Content {
        value: "More content goes here",
        line: 9,
    },
    Content {
        value: "",
        line: 10,
    },
    Section {
        id: None,
        title: "Nested section",
        level: 3,
        line: 11,
    },
    Content {
        value: "",
        line: 12,
    },
    Content {
        value: "Testing 123",
        line: 13,
    },
    Content {
        value: "",
        line: 14,
    },
    Section {
        id: None,
        title: "Up one",
        level: 2,
        line: 15,
    },
    Content {
        value: "",
        line: 16,
    },
    Content {
        value: "Another section",
        line: 17,
    },
]
