---
source: duvet/src/specification/markdown/tests.rs
expression: "super :: tokens(& contents).collect :: < Vec < _ >> ()"
---
[
    Content {
        value: "",
        line: 1,
    },
    Section {
        id: None,
        title: "Duplicate header",
        line: 2,
        level: 1,
    },
    Content {
        value: "",
        line: 3,
    },
    Content {
        value: "testing 123",
        line: 4,
    },
    Content {
        value: "",
        line: 5,
    },
    Section {
        id: None,
        title: "Duplicate header",
        line: 6,
        level: 2,
    },
    Content {
        value: "",
        line: 7,
    },
    Content {
        value: "other test",
        line: 8,
    },
]
