---
source: duvet/src/specification/markdown/tests.rs
expression: "super :: tokens(& contents).collect :: < Vec < _ >> ()"
---
[
    Content {
        value: "",
        line: 1,
    },
    Section {
        id: None,
        title: "List example",
        level: 1,
        line: 2,
    },
    Content {
        value: "",
        line: 3,
    },
    Content {
        value: "Here is a list:",
        line: 4,
    },
    Break {
        line: 5,
    },
    Content {
        value: "* Item 1",
        line: 5,
    },
    Break {
        line: 5,
    },
    Break {
        line: 6,
    },
    Content {
        value: "* Item 2",
        line: 6,
    },
    Break {
        line: 7,
    },
    Content {
        value: "  * Item 2.1",
        line: 7,
    },
    Break {
        line: 7,
    },
    Break {
        line: 8,
    },
    Content {
        value: "* Item 3",
        line: 8,
    },
    Break {
        line: 9,
    },
    Content {
        value: "  * Item 3.1",
        line: 9,
    },
    Break {
        line: 10,
    },
    Content {
        value: "    * Item 3.1.1",
        line: 10,
    },
    Break {
        line: 10,
    },
    Break {
        line: 11,
    },
    Content {
        value: "    * Item 3.1.2",
        line: 11,
    },
    Break {
        line: 11,
    },
    Break {
        line: 12,
    },
    Content {
        value: "  * Item 3.2",
        line: 12,
    },
    Break {
        line: 12,
    },
    Content {
        value: "",
        line: 13,
    },
    Content {
        value: "Here is a numbered list:",
        line: 14,
    },
    Break {
        line: 15,
    },
    Content {
        value: "1. Item 1",
        line: 15,
    },
    Break {
        line: 15,
    },
    Break {
        line: 16,
    },
    Content {
        value: "2. Item 2",
        line: 16,
    },
    Break {
        line: 16,
    },
    Break {
        line: 17,
    },
    Content {
        value: "3. Item 3",
        line: 17,
    },
    Break {
        line: 17,
    },
    Content {
        value: "",
        line: 18,
    },
    Content {
        value: "Here is a list with content:",
        line: 19,
    },
    Break {
        line: 20,
    },
    Content {
        value: "* Item",
        line: 20,
    },
    Content {
        value: "  More content",
        line: 21,
    },
    Content {
        value: "",
        line: 22,
    },
    Content {
        value: "  Other content",
        line: 23,
    },
    Content {
        value: "",
        line: 24,
    },
    Break {
        line: 25,
    },
    Content {
        value: "  * Testing",
        line: 25,
    },
    Content {
        value: "",
        line: 26,
    },
    Content {
        value: "    Other test",
        line: 27,
    },
    Break {
        line: 27,
    },
    Content {
        value: "",
        line: 28,
    },
    Content {
        value: "Testing 123",
        line: 29,
    },
    Content {
        value: "",
        line: 30,
    },
    Break {
        line: 31,
    },
    Content {
        value: "* Item",
        line: 31,
    },
    Content {
        value: "More content",
        line: 32,
    },
    Break {
        line: 32,
    },
]
