---
source: duvet/src/specification/markdown/tests.rs
expression: "super :: tokens(& contents).collect :: < Vec < _ >> ()"
---
[
    Content {
        value: "",
        line: 1,
    },
    Section {
        id: None,
        title: "This is a test",
        line: 2,
        level: 1,
    },
    Content {
        value: "",
        line: 3,
    },
    Content {
        value: "Content goes here. Another",
        line: 4,
    },
    Content {
        value: "sentence here.",
        line: 5,
    },
]
