---
source: duvet/src/specification/markdown/tests.rs
expression: "super :: parse(& contents)"
---
Ok(
    Specification {
        title: Some(
            "This is a test",
        ),
        sections: [
            Section {
                id: "this-is-a-test",
                title: "This is a test",
                full_title: "This is a test",
                lines: [
                    Str(
                        "Content goes here. Another",
                    ),
                    Str(
                        "sentence here.",
                    ),
                ],
            },
        ],
        format: Markdown,
    },
)
