---
source: duvet/src/specification/markdown/tests.rs
expression: "super :: parse(& contents)"
---
Ok(
    Specification {
        title: Some(
            "List example",
        ),
        sections: [
            Section {
                id: "list-example",
                title: "List example",
                full_title: "List example",
                lines: [
                    Str(
                        "Here is a list:",
                    ),
                    Break,
                    Str(
                        "* Item 1",
                    ),
                    Break,
                    Str(
                        "* Item 2",
                    ),
                    Break,
                    Str(
                        "  * Item 2.1",
                    ),
                    Break,
                    Str(
                        "* Item 3",
                    ),
                    Break,
                    Str(
                        "  * Item 3.1",
                    ),
                    Break,
                    Str(
                        "    * Item 3.1.1",
                    ),
                    Break,
                    Str(
                        "    * Item 3.1.2",
                    ),
                    Break,
                    Str(
                        "  * Item 3.2",
                    ),
                    Break,
                    Str(
                        "",
                    ),
                    Str(
                        "Here is a numbered list:",
                    ),
                    Break,
                    Str(
                        "1. Item 1",
                    ),
                    Break,
                    Str(
                        "2. Item 2",
                    ),
                    Break,
                    Str(
                        "3. Item 3",
                    ),
                    Break,
                    Str(
                        "",
                    ),
                    Str(
                        "Here is a list with content:",
                    ),
                    Break,
                    Str(
                        "* Item",
                    ),
                    Str(
                        "  More content",
                    ),
                    Str(
                        "",
                    ),
                    Str(
                        "  Other content",
                    ),
                    Str(
                        "",
                    ),
                    Break,
                    Str(
                        "  * Testing",
                    ),
                    Str(
                        "",
                    ),
                    Str(
                        "    Other test",
                    ),
                    Break,
                    Str(
                        "",
                    ),
                    Str(
                        "Testing 123",
                    ),
                    Str(
                        "",
                    ),
                    Break,
                    Str(
                        "* Item",
                    ),
                    Str(
                        "More content",
                    ),
                ],
            },
        ],
        format: Markdown,
    },
)
