---
source: duvet/src/comment/tests.rs
expression: "parse(\"//@=,//@#\",\nr#\"\n    //@= https://example.com/spec.txt\n    //@= type=test\n    //@# Here is my citation\n    \"#)"
---
(
    {
        Annotation {
            source: "file.rs",
            anno_line: 2,
            original_target: "https://example.com/spec.txt",
            original_text: "https://example.com/spec.txt\n    //@= type=test\n    //@# Here is my citation",
            original_quote: "Here is my citation",
            anno: Test,
            target: "https://example.com/spec.txt",
            quote: "Here is my citation",
            comment: "",
            manifest_dir: "[CWD]",
            level: Auto,
            format: Auto,
            tracking_issue: "",
            feature: "",
            tags: {},
        },
    },
    [],
)
