---
source: duvet/src/comment/tests.rs
expression: "parse(\"//=,//#\",\nr#\"\n    //= https://example.com/spec.txt\n    //# Here is my citation\n    \"#)"
---
(
    {
        Annotation {
            source: "file.rs",
            anno_line: 2,
            anno_column: 0,
            anno: Implementation,
            target: "https://example.com/spec.txt",
            quote: "Here is my citation",
            comment: "",
            level: Auto,
            format: Auto,
            tracking_issue: "",
            feature: "",
            tags: {},
        },
    },
    [],
)
