---
source: duvet/src/tests.rs
expression: "out[\"specifications\"][\"my-spec.md\"]"
---
{
  "format": "markdown",
  "requirements": [],
  "sections": [
    {
      "id": "testing",
      "lines": [
        [
          [
            [
              0
            ],
            16,
            "This      SHOULD         ignore        whitespace."
          ]
        ]
      ],
      "title": "Testing"
    }
  ],
  "title": "Testing"
}
