---
source: src/specification/markdown/tests.rs
expression: "super::parse(r#\"\n# This is a test\n\nContent goes here. Another\nsentence here.\n\"#)"
---
Ok(
    Specification {
        title: Some(
            "This is a test",
        ),
        sections: [
            Section {
                id: "this-is-a-test",
                title: "This is a test",
                full_title: Str {
                    value: "# This is a test",
                    pos: 1,
                    line: 2,
                },
                lines: [
                    Str(
                        Str {
                            value: "Content goes here. Another",
                            pos: 19,
                            line: 4,
                        },
                    ),
                    Str(
                        Str {
                            value: "sentence here.",
                            pos: 46,
                            line: 5,
                        },
                    ),
                ],
            },
        ],
        format: Markdown,
    },
)
